  Trwa okre┼Ťlanie projekt├│w do przywr├│cenia...
  Wszystkie projekty s─ů aktualne na potrzeby przywr├│cenia.
C:\Projects\betasharp\BetaSharp\Blocks\Block.cs(183,34): error CS0102: Typ ÔÇ×BlockÔÇŁ ju┼╝ zawiera definicj─Ö dla ÔÇ×TNTÔÇŁ [C:\Projects\betasharp\BetaSharp\BetaSharp.csproj]
C:\Projects\betasharp\BetaSharp\LightType.cs(3,24): warning CS0659: 'Element ÔÇ×LightTypeÔÇŁ przes┼éania metod─Ö Object.Equals(object o), lecz nie przes┼éania metody Object.GetHashCode() [C:\Projects\betasharp\BetaSharp\BetaSharp.csproj]
C:\Projects\betasharp\BetaSharp\LightType.cs(3,24): warning CS0661: 'Element ÔÇ×LightTypeÔÇŁ definiuje operator == lub !=, lecz nie przes┼éania metody Object.GetHashCode() [C:\Projects\betasharp\BetaSharp\BetaSharp.csproj]
C:\Projects\betasharp\BetaSharp\Network\Packets\C2SPlay\ClickSlotC2SPacket.cs(8,48): warning CS0109: Sk┼éadowa ÔÇ×ClickSlotC2SPacket.ClassÔÇŁ nie ukrywa sk┼éadowej z mo┼╝liwo┼Ťci─ů dost─Öpu. S┼éowo kluczowe new nie jest wymagane. [C:\Projects\betasharp\BetaSharp\BetaSharp.csproj]
C:\Projects\betasharp\BetaSharp\Network\Packets\C2SPlay\ClientCommandC2SPacket.cs(8,48): warning CS0109: Sk┼éadowa ÔÇ×ClientCommandC2SPacket.ClassÔÇŁ nie ukrywa sk┼éadowej z mo┼╝liwo┼Ťci─ů dost─Öpu. S┼éowo kluczowe new nie jest wymagane. [C:\Projects\betasharp\BetaSharp\BetaSharp.csproj]
C:\Projects\betasharp\BetaSharp\Network\Packets\C2SPlay\PlayerActionC2SPacket.cs(7,48): warning CS0109: Sk┼éadowa ÔÇ×PlayerActionC2SPacket.ClassÔÇŁ nie ukrywa sk┼éadowej z mo┼╝liwo┼Ťci─ů dost─Öpu. S┼éowo kluczowe new nie jest wymagane. [C:\Projects\betasharp\BetaSharp\BetaSharp.csproj]
C:\Projects\betasharp\BetaSharp\Network\Packets\C2SPlay\PlayerInputC2SPacket.cs(7,48): warning CS0109: Sk┼éadowa ÔÇ×PlayerInputC2SPacket.ClassÔÇŁ nie ukrywa sk┼éadowej z mo┼╝liwo┼Ťci─ů dost─Öpu. S┼éowo kluczowe new nie jest wymagane. [C:\Projects\betasharp\BetaSharp\BetaSharp.csproj]
C:\Projects\betasharp\BetaSharp\Monster.cs(8,38): warning CS0109: Sk┼éadowa ÔÇ×Monster.ClassÔÇŁ nie ukrywa sk┼éadowej z mo┼╝liwo┼Ťci─ů dost─Öpu. S┼éowo kluczowe new nie jest wymagane. [C:\Projects\betasharp\BetaSharp\BetaSharp.csproj]
C:\Projects\betasharp\BetaSharp\Network\Packets\C2SPlay\PlayerInteractBlockC2SPacket.cs(8,48): warning CS0109: Sk┼éadowa ÔÇ×PlayerInteractBlockC2SPacket.ClassÔÇŁ nie ukrywa sk┼éadowej z mo┼╝liwo┼Ťci─ů dost─Öpu. S┼éowo kluczowe new nie jest wymagane. [C:\Projects\betasharp\BetaSharp\BetaSharp.csproj]
C:\Projects\betasharp\BetaSharp\Network\Packets\C2SPlay\PlayerInteractEntityC2SPacket.cs(7,48): warning CS0109: Sk┼éadowa ÔÇ×PlayerInteractEntityC2SPacket.ClassÔÇŁ nie ukrywa sk┼éadowej z mo┼╝liwo┼Ťci─ů dost─Öpu. S┼éowo kluczowe new nie jest wymagane. [C:\Projects\betasharp\BetaSharp\BetaSharp.csproj]
C:\Projects\betasharp\BetaSharp\Network\Packets\C2SPlay\UpdateSelectedSlotC2SPacket.cs(7,48): warning CS0109: Sk┼éadowa ÔÇ×UpdateSelectedSlotC2SPacket.ClassÔÇŁ nie ukrywa sk┼éadowej z mo┼╝liwo┼Ťci─ů dost─Öpu. S┼éowo kluczowe new nie jest wymagane. [C:\Projects\betasharp\BetaSharp\BetaSharp.csproj]
C:\Projects\betasharp\BetaSharp\Network\Packets\HandshakePacket.cs(7,48): warning CS0109: Sk┼éadowa ÔÇ×HandshakePacket.ClassÔÇŁ nie ukrywa sk┼éadowej z mo┼╝liwo┼Ťci─ů dost─Öpu. S┼éowo kluczowe new nie jest wymagane. [C:\Projects\betasharp\BetaSharp\BetaSharp.csproj]
C:\Projects\betasharp\BetaSharp\Network\Packets\LoginHelloPacket.cs(7,48): warning CS0109: Sk┼éadowa ÔÇ×LoginHelloPacket.ClassÔÇŁ nie ukrywa sk┼éadowej z mo┼╝liwo┼Ťci─ů dost─Öpu. S┼éowo kluczowe new nie jest wymagane. [C:\Projects\betasharp\BetaSharp\BetaSharp.csproj]
C:\Projects\betasharp\BetaSharp\Network\Packets\Play\ChatMessagePacket.cs(7,48): warning CS0109: Sk┼éadowa ÔÇ×ChatMessagePacket.ClassÔÇŁ nie ukrywa sk┼éadowej z mo┼╝liwo┼Ťci─ů dost─Öpu. S┼éowo kluczowe new nie jest wymagane. [C:\Projects\betasharp\BetaSharp\BetaSharp.csproj]
C:\Projects\betasharp\BetaSharp\Network\Packets\Play\DisconnectPacket.cs(7,48): warning CS0109: Sk┼éadowa ÔÇ×DisconnectPacket.ClassÔÇŁ nie ukrywa sk┼éadowej z mo┼╝liwo┼Ťci─ů dost─Öpu. S┼éowo kluczowe new nie jest wymagane. [C:\Projects\betasharp\BetaSharp\BetaSharp.csproj]
C:\Projects\betasharp\BetaSharp\Network\Packets\Play\EntityAnimationPacket.cs(8,48): warning CS0109: Sk┼éadowa ÔÇ×EntityAnimationPacket.ClassÔÇŁ nie ukrywa sk┼éadowej z mo┼╝liwo┼Ťci─ů dost─Öpu. S┼éowo kluczowe new nie jest wymagane. [C:\Projects\betasharp\BetaSharp\BetaSharp.csproj]
C:\Projects\betasharp\BetaSharp\Network\Packets\Play\KeepAlivePacket.cs(7,48): warning CS0109: Sk┼éadowa ÔÇ×KeepAlivePacket.ClassÔÇŁ nie ukrywa sk┼éadowej z mo┼╝liwo┼Ťci─ů dost─Öpu. S┼éowo kluczowe new nie jest wymagane. [C:\Projects\betasharp\BetaSharp\BetaSharp.csproj]
C:\Projects\betasharp\BetaSharp\Network\Packets\Play\PlayerMovePacket.cs(7,48): warning CS0109: Sk┼éadowa ÔÇ×PlayerMovePacket.ClassÔÇŁ nie ukrywa sk┼éadowej z mo┼╝liwo┼Ťci─ů dost─Öpu. S┼éowo kluczowe new nie jest wymagane. [C:\Projects\betasharp\BetaSharp\BetaSharp.csproj]
C:\Projects\betasharp\BetaSharp\Network\Packets\Play\PlayerRespawnPacket.cs(7,48): warning CS0109: Sk┼éadowa ÔÇ×PlayerRespawnPacket.ClassÔÇŁ nie ukrywa sk┼éadowej z mo┼╝liwo┼Ťci─ů dost─Öpu. S┼éowo kluczowe new nie jest wymagane. [C:\Projects\betasharp\BetaSharp\BetaSharp.csproj]
C:\Projects\betasharp\BetaSharp\Network\Packets\Play\ScreenHandlerAcknowledgementPacket.cs(7,48): warning CS0109: Sk┼éadowa ÔÇ×ScreenHandlerAcknowledgementPacket.ClassÔÇŁ nie ukrywa sk┼éadowej z mo┼╝liwo┼Ťci─ů dost─Öpu. S┼éowo kluczowe new nie jest wymagane. [C:\Projects\betasharp\BetaSharp\BetaSharp.csproj]
C:\Projects\betasharp\BetaSharp\Network\Packets\Play\UpdateSignPacket.cs(7,48): warning CS0109: Sk┼éadowa ÔÇ×UpdateSignPacket.ClassÔÇŁ nie ukrywa sk┼éadowej z mo┼╝liwo┼Ťci─ů dost─Öpu. S┼éowo kluczowe new nie jest wymagane. [C:\Projects\betasharp\BetaSharp\BetaSharp.csproj]
C:\Projects\betasharp\BetaSharp\Network\Packets\S2CPlay\BlockUpdateS2CPacket.cs(8,48): warning CS0109: Sk┼éadowa ÔÇ×BlockUpdateS2CPacket.ClassÔÇŁ nie ukrywa sk┼éadowej z mo┼╝liwo┼Ťci─ů dost─Öpu. S┼éowo kluczowe new nie jest wymagane. [C:\Projects\betasharp\BetaSharp\BetaSharp.csproj]
C:\Projects\betasharp\BetaSharp\Network\Packets\S2CPlay\ChunkDataS2CPacket.cs(9,48): warning CS0109: Sk┼éadowa ÔÇ×ChunkDataS2CPacket.ClassÔÇŁ nie ukrywa sk┼éadowej z mo┼╝liwo┼Ťci─ů dost─Öpu. S┼éowo kluczowe new nie jest wymagane. [C:\Projects\betasharp\BetaSharp\BetaSharp.csproj]
C:\Projects\betasharp\BetaSharp\Network\Packets\S2CPlay\ChunkDeltaUpdateS2CPacket.cs(9,48): warning CS0109: Sk┼éadowa ÔÇ×ChunkDeltaUpdateS2CPacket.ClassÔÇŁ nie ukrywa sk┼éadowej z mo┼╝liwo┼Ťci─ů dost─Öpu. S┼éowo kluczowe new nie jest wymagane. [C:\Projects\betasharp\BetaSharp\BetaSharp.csproj]
C:\Projects\betasharp\BetaSharp\Network\Packets\S2CPlay\ChunkStatusUpdateS2CPacket.cs(7,48): warning CS0109: Sk┼éadowa ÔÇ×ChunkStatusUpdateS2CPacket.ClassÔÇŁ nie ukrywa sk┼éadowej z mo┼╝liwo┼Ťci─ů dost─Öpu. S┼éowo kluczowe new nie jest wymagane. [C:\Projects\betasharp\BetaSharp\BetaSharp.csproj]
C:\Projects\betasharp\BetaSharp\Network\Packets\S2CPlay\CloseScreenS2CPacket.cs(7,48): warning CS0109: Sk┼éadowa ÔÇ×CloseScreenS2CPacket.ClassÔÇŁ nie ukrywa sk┼éadowej z mo┼╝liwo┼Ťci─ů dost─Öpu. S┼éowo kluczowe new nie jest wymagane. [C:\Projects\betasharp\BetaSharp\BetaSharp.csproj]
C:\Projects\betasharp\BetaSharp\Network\Packets\S2CPlay\EntityDestroyS2CPacket.cs(7,48): warning CS0109: Sk┼éadowa ÔÇ×EntityDestroyS2CPacket.ClassÔÇŁ nie ukrywa sk┼éadowej z mo┼╝liwo┼Ťci─ů dost─Öpu. S┼éowo kluczowe new nie jest wymagane. [C:\Projects\betasharp\BetaSharp\BetaSharp.csproj]
C:\Projects\betasharp\BetaSharp\Network\Packets\S2CPlay\EntityEquipmentUpdateS2CPacket.cs(8,48): warning CS0109: Sk┼éadowa ÔÇ×EntityEquipmentUpdateS2CPacket.ClassÔÇŁ nie ukrywa sk┼éadowej z mo┼╝liwo┼Ťci─ů dost─Öpu. S┼éowo kluczowe new nie jest wymagane. [C:\Projects\betasharp\BetaSharp\BetaSharp.csproj]
C:\Projects\betasharp\BetaSharp\Network\Packets\S2CPlay\EntityPositionS2CPacket.cs(9,48): warning CS0109: Sk┼éadowa ÔÇ×EntityPositionS2CPacket.ClassÔÇŁ nie ukrywa sk┼éadowej z mo┼╝liwo┼Ťci─ů dost─Öpu. S┼éowo kluczowe new nie jest wymagane. [C:\Projects\betasharp\BetaSharp\BetaSharp.csproj]
C:\Projects\betasharp\BetaSharp\Network\Packets\S2CPlay\EntityS2CPacket.cs(7,48): warning CS0109: Sk┼éadowa ÔÇ×EntityS2CPacket.ClassÔÇŁ nie ukrywa sk┼éadowej z mo┼╝liwo┼Ťci─ů dost─Öpu. S┼éowo kluczowe new nie jest wymagane. [C:\Projects\betasharp\BetaSharp\BetaSharp.csproj]
C:\Projects\betasharp\BetaSharp\Network\Packets\S2CPlay\EntitySpawnS2CPacket.cs(9,48): warning CS0109: Sk┼éadowa ÔÇ×EntitySpawnS2CPacket.ClassÔÇŁ nie ukrywa sk┼éadowej z mo┼╝liwo┼Ťci─ů dost─Öpu. S┼éowo kluczowe new nie jest wymagane. [C:\Projects\betasharp\BetaSharp\BetaSharp.csproj]
C:\Projects\betasharp\BetaSharp\Network\Packets\S2CPlay\EntityStatusS2CPacket.cs(7,48): warning CS0109: Sk┼éadowa ÔÇ×EntityStatusS2CPacket.ClassÔÇŁ nie ukrywa sk┼éadowej z mo┼╝liwo┼Ťci─ů dost─Öpu. S┼éowo kluczowe new nie jest wymagane. [C:\Projects\betasharp\BetaSharp\BetaSharp.csproj]
C:\Projects\betasharp\BetaSharp\Network\Packets\S2CPlay\EntityTrackerUpdateS2CPacket.cs(8,48): warning CS0109: Sk┼éadowa ÔÇ×EntityTrackerUpdateS2CPacket.ClassÔÇŁ nie ukrywa sk┼éadowej z mo┼╝liwo┼Ťci─ů dost─Öpu. S┼éowo kluczowe new nie jest wymagane. [C:\Projects\betasharp\BetaSharp\BetaSharp.csproj]
C:\Projects\betasharp\BetaSharp\Network\Packets\S2CPlay\EntityVehicleSetS2CPacket.cs(8,48): warning CS0109: Sk┼éadowa ÔÇ×EntityVehicleSetS2CPacket.ClassÔÇŁ nie ukrywa sk┼éadowej z mo┼╝liwo┼Ťci─ů dost─Öpu. S┼éowo kluczowe new nie jest wymagane. [C:\Projects\betasharp\BetaSharp\BetaSharp.csproj]
C:\Projects\betasharp\BetaSharp\Network\Packets\S2CPlay\EntityVelocityUpdateS2CPacket.cs(8,48): warning CS0109: Sk┼éadowa ÔÇ×EntityVelocityUpdateS2CPacket.ClassÔÇŁ nie ukrywa sk┼éadowej z mo┼╝liwo┼Ťci─ů dost─Öpu. S┼éowo kluczowe new nie jest wymagane. [C:\Projects\betasharp\BetaSharp\BetaSharp.csproj]
C:\Projects\betasharp\BetaSharp\Network\Packets\S2CPlay\ExplosionS2CPacket.cs(8,48): warning CS0109: Sk┼éadowa ÔÇ×ExplosionS2CPacket.ClassÔÇŁ nie ukrywa sk┼éadowej z mo┼╝liwo┼Ťci─ů dost─Öpu. S┼éowo kluczowe new nie jest wymagane. [C:\Projects\betasharp\BetaSharp\BetaSharp.csproj]
C:\Projects\betasharp\BetaSharp\Network\Packets\S2CPlay\GameStateChangeS2CPacket.cs(7,48): warning CS0109: Sk┼éadowa ÔÇ×GameStateChangeS2CPacket.ClassÔÇŁ nie ukrywa sk┼éadowej z mo┼╝liwo┼Ťci─ů dost─Öpu. S┼éowo kluczowe new nie jest wymagane. [C:\Projects\betasharp\BetaSharp\BetaSharp.csproj]
C:\Projects\betasharp\BetaSharp\Network\Packets\S2CPlay\GlobalEntitySpawnS2CPacket.cs(9,48): warning CS0109: Sk┼éadowa ÔÇ×GlobalEntitySpawnS2CPacket.ClassÔÇŁ nie ukrywa sk┼éadowej z mo┼╝liwo┼Ťci─ů dost─Öpu. S┼éowo kluczowe new nie jest wymagane. [C:\Projects\betasharp\BetaSharp\BetaSharp.csproj]
C:\Projects\betasharp\BetaSharp\Network\Packets\S2CPlay\HealthUpdateS2CPacket.cs(7,48): warning CS0109: Sk┼éadowa ÔÇ×HealthUpdateS2CPacket.ClassÔÇŁ nie ukrywa sk┼éadowej z mo┼╝liwo┼Ťci─ů dost─Öpu. S┼éowo kluczowe new nie jest wymagane. [C:\Projects\betasharp\BetaSharp\BetaSharp.csproj]
C:\Projects\betasharp\BetaSharp\Network\Packets\S2CPlay\IncreaseStatS2CPacket.cs(7,48): warning CS0109: Sk┼éadowa ÔÇ×IncreaseStatS2CPacket.ClassÔÇŁ nie ukrywa sk┼éadowej z mo┼╝liwo┼Ťci─ů dost─Öpu. S┼éowo kluczowe new nie jest wymagane. [C:\Projects\betasharp\BetaSharp\BetaSharp.csproj]
C:\Projects\betasharp\BetaSharp\Network\Packets\S2CPlay\InventoryS2CPacket.cs(9,48): warning CS0109: Sk┼éadowa ÔÇ×InventoryS2CPacket.ClassÔÇŁ nie ukrywa sk┼éadowej z mo┼╝liwo┼Ťci─ů dost─Öpu. S┼éowo kluczowe new nie jest wymagane. [C:\Projects\betasharp\BetaSharp\BetaSharp.csproj]
C:\Projects\betasharp\BetaSharp\Network\Packets\S2CPlay\ItemEntitySpawnS2CPacket.cs(9,48): warning CS0109: Sk┼éadowa ÔÇ×ItemEntitySpawnS2CPacket.ClassÔÇŁ nie ukrywa sk┼éadowej z mo┼╝liwo┼Ťci─ů dost─Öpu. S┼éowo kluczowe new nie jest wymagane. [C:\Projects\betasharp\BetaSharp\BetaSharp.csproj]
C:\Projects\betasharp\BetaSharp\Network\Packets\S2CPlay\ItemPickupAnimationS2CPacket.cs(7,48): warning CS0109: Sk┼éadowa ÔÇ×ItemPickupAnimationS2CPacket.ClassÔÇŁ nie ukrywa sk┼éadowej z mo┼╝liwo┼Ťci─ů dost─Öpu. S┼éowo kluczowe new nie jest wymagane. [C:\Projects\betasharp\BetaSharp\BetaSharp.csproj]
C:\Projects\betasharp\BetaSharp\Network\Packets\S2CPlay\LivingEntitySpawnS2CPacket.cs(10,48): warning CS0109: Sk┼éadowa ÔÇ×LivingEntitySpawnS2CPacket.ClassÔÇŁ nie ukrywa sk┼éadowej z mo┼╝liwo┼Ťci─ů dost─Öpu. S┼éowo kluczowe new nie jest wymagane. [C:\Projects\betasharp\BetaSharp\BetaSharp.csproj]
C:\Projects\betasharp\BetaSharp\Network\Packets\S2CPlay\MapUpdateS2CPacket.cs(7,48): warning CS0109: Sk┼éadowa ÔÇ×MapUpdateS2CPacket.ClassÔÇŁ nie ukrywa sk┼éadowej z mo┼╝liwo┼Ťci─ů dost─Öpu. S┼éowo kluczowe new nie jest wymagane. [C:\Projects\betasharp\BetaSharp\BetaSharp.csproj]
C:\Projects\betasharp\BetaSharp\Network\Packets\S2CPlay\OpenScreenS2CPacket.cs(7,48): warning CS0109: Sk┼éadowa ÔÇ×OpenScreenS2CPacket.ClassÔÇŁ nie ukrywa sk┼éadowej z mo┼╝liwo┼Ťci─ů dost─Öpu. S┼éowo kluczowe new nie jest wymagane. [C:\Projects\betasharp\BetaSharp\BetaSharp.csproj]
C:\Projects\betasharp\BetaSharp\Network\Packets\S2CPlay\PaintingEntitySpawnS2CPacket.cs(8,48): warning CS0109: Sk┼éadowa ÔÇ×PaintingEntitySpawnS2CPacket.ClassÔÇŁ nie ukrywa sk┼éadowej z mo┼╝liwo┼Ťci─ů dost─Öpu. S┼éowo kluczowe new nie jest wymagane. [C:\Projects\betasharp\BetaSharp\BetaSharp.csproj]
C:\Projects\betasharp\BetaSharp\Network\Packets\S2CPlay\PlayerSleepUpdateS2CPacket.cs(8,48): warning CS0109: Sk┼éadowa ÔÇ×PlayerSleepUpdateS2CPacket.ClassÔÇŁ nie ukrywa sk┼éadowej z mo┼╝liwo┼Ťci─ů dost─Öpu. S┼éowo kluczowe new nie jest wymagane. [C:\Projects\betasharp\BetaSharp\BetaSharp.csproj]
C:\Projects\betasharp\BetaSharp\Network\Packets\S2CPlay\PlayerSpawnPositionS2CPacket.cs(7,48): warning CS0109: Sk┼éadowa ÔÇ×PlayerSpawnPositionS2CPacket.ClassÔÇŁ nie ukrywa sk┼éadowej z mo┼╝liwo┼Ťci─ů dost─Öpu. S┼éowo kluczowe new nie jest wymagane. [C:\Projects\betasharp\BetaSharp\BetaSharp.csproj]
C:\Projects\betasharp\BetaSharp\Network\Packets\S2CPlay\PlayerSpawnS2CPacket.cs(10,48): warning CS0109: Sk┼éadowa ÔÇ×PlayerSpawnS2CPacket.ClassÔÇŁ nie ukrywa sk┼éadowej z mo┼╝liwo┼Ťci─ů dost─Öpu. S┼éowo kluczowe new nie jest wymagane. [C:\Projects\betasharp\BetaSharp\BetaSharp.csproj]
C:\Projects\betasharp\BetaSharp\Network\Packets\S2CPlay\PlayNoteSoundS2CPacket.cs(7,48): warning CS0109: Sk┼éadowa ÔÇ×PlayNoteSoundS2CPacket.ClassÔÇŁ nie ukrywa sk┼éadowej z mo┼╝liwo┼Ťci─ů dost─Öpu. S┼éowo kluczowe new nie jest wymagane. [C:\Projects\betasharp\BetaSharp\BetaSharp.csproj]
C:\Projects\betasharp\BetaSharp\Network\Packets\S2CPlay\ScreenHandlerPropertyUpdateS2CPacket.cs(7,48): warning CS0109: Sk┼éadowa ÔÇ×ScreenHandlerPropertyUpdateS2CPacket.ClassÔÇŁ nie ukrywa sk┼éadowej z mo┼╝liwo┼Ťci─ů dost─Öpu. S┼éowo kluczowe new nie jest wymagane. [C:\Projects\betasharp\BetaSharp\BetaSharp.csproj]
C:\Projects\betasharp\BetaSharp\Network\Packets\S2CPlay\ScreenHandlerSlotUpdateS2CPacket.cs(8,48): warning CS0109: Sk┼éadowa ÔÇ×ScreenHandlerSlotUpdateS2CPacket.ClassÔÇŁ nie ukrywa sk┼éadowej z mo┼╝liwo┼Ťci─ů dost─Öpu. S┼éowo kluczowe new nie jest wymagane. [C:\Projects\betasharp\BetaSharp\BetaSharp.csproj]
C:\Projects\betasharp\BetaSharp\Network\Packets\S2CPlay\WorldEventS2CPacket.cs(7,48): warning CS0109: Sk┼éadowa ÔÇ×WorldEventS2CPacket.ClassÔÇŁ nie ukrywa sk┼éadowej z mo┼╝liwo┼Ťci─ů dost─Öpu. S┼éowo kluczowe new nie jest wymagane. [C:\Projects\betasharp\BetaSharp\BetaSharp.csproj]
C:\Projects\betasharp\BetaSharp\Network\Packets\S2CPlay\WorldTimeUpdateS2CPacket.cs(7,48): warning CS0109: Sk┼éadowa ÔÇ×WorldTimeUpdateS2CPacket.ClassÔÇŁ nie ukrywa sk┼éadowej z mo┼╝liwo┼Ťci─ů dost─Öpu. S┼éowo kluczowe new nie jest wymagane. [C:\Projects\betasharp\BetaSharp\BetaSharp.csproj]
C:\Projects\betasharp\BetaSharp\Entities\EntityMinecart.cs(14,34): warning CS0108: 'Element ÔÇ×EntityMinecart.ClassÔÇŁ ukrywa odziedziczon─ů sk┼éadow─ů ÔÇ×Entity.ClassÔÇŁ. U┼╝yj s┼éowa kluczowego new, je┼Ťli ukrycie jest zamierzone. [C:\Projects\betasharp\BetaSharp\BetaSharp.csproj]

Kompilacja NIE POWIOD┼üA SI─ś.

C:\Projects\betasharp\BetaSharp\LightType.cs(3,24): warning CS0659: 'Element ÔÇ×LightTypeÔÇŁ przes┼éania metod─Ö Object.Equals(object o), lecz nie przes┼éania metody Object.GetHashCode() [C:\Projects\betasharp\BetaSharp\BetaSharp.csproj]
C:\Projects\betasharp\BetaSharp\LightType.cs(3,24): warning CS0661: 'Element ÔÇ×LightTypeÔÇŁ definiuje operator == lub !=, lecz nie przes┼éania metody Object.GetHashCode() [C:\Projects\betasharp\BetaSharp\BetaSharp.csproj]
C:\Projects\betasharp\BetaSharp\Network\Packets\C2SPlay\ClickSlotC2SPacket.cs(8,48): warning CS0109: Sk┼éadowa ÔÇ×ClickSlotC2SPacket.ClassÔÇŁ nie ukrywa sk┼éadowej z mo┼╝liwo┼Ťci─ů dost─Öpu. S┼éowo kluczowe new nie jest wymagane. [C:\Projects\betasharp\BetaSharp\BetaSharp.csproj]
C:\Projects\betasharp\BetaSharp\Network\Packets\C2SPlay\ClientCommandC2SPacket.cs(8,48): warning CS0109: Sk┼éadowa ÔÇ×ClientCommandC2SPacket.ClassÔÇŁ nie ukrywa sk┼éadowej z mo┼╝liwo┼Ťci─ů dost─Öpu. S┼éowo kluczowe new nie jest wymagane. [C:\Projects\betasharp\BetaSharp\BetaSharp.csproj]
C:\Projects\betasharp\BetaSharp\Network\Packets\C2SPlay\PlayerActionC2SPacket.cs(7,48): warning CS0109: Sk┼éadowa ÔÇ×PlayerActionC2SPacket.ClassÔÇŁ nie ukrywa sk┼éadowej z mo┼╝liwo┼Ťci─ů dost─Öpu. S┼éowo kluczowe new nie jest wymagane. [C:\Projects\betasharp\BetaSharp\BetaSharp.csproj]
C:\Projects\betasharp\BetaSharp\Network\Packets\C2SPlay\PlayerInputC2SPacket.cs(7,48): warning CS0109: Sk┼éadowa ÔÇ×PlayerInputC2SPacket.ClassÔÇŁ nie ukrywa sk┼éadowej z mo┼╝liwo┼Ťci─ů dost─Öpu. S┼éowo kluczowe new nie jest wymagane. [C:\Projects\betasharp\BetaSharp\BetaSharp.csproj]
C:\Projects\betasharp\BetaSharp\Monster.cs(8,38): warning CS0109: Sk┼éadowa ÔÇ×Monster.ClassÔÇŁ nie ukrywa sk┼éadowej z mo┼╝liwo┼Ťci─ů dost─Öpu. S┼éowo kluczowe new nie jest wymagane. [C:\Projects\betasharp\BetaSharp\BetaSharp.csproj]
C:\Projects\betasharp\BetaSharp\Network\Packets\C2SPlay\PlayerInteractBlockC2SPacket.cs(8,48): warning CS0109: Sk┼éadowa ÔÇ×PlayerInteractBlockC2SPacket.ClassÔÇŁ nie ukrywa sk┼éadowej z mo┼╝liwo┼Ťci─ů dost─Öpu. S┼éowo kluczowe new nie jest wymagane. [C:\Projects\betasharp\BetaSharp\BetaSharp.csproj]
C:\Projects\betasharp\BetaSharp\Network\Packets\C2SPlay\PlayerInteractEntityC2SPacket.cs(7,48): warning CS0109: Sk┼éadowa ÔÇ×PlayerInteractEntityC2SPacket.ClassÔÇŁ nie ukrywa sk┼éadowej z mo┼╝liwo┼Ťci─ů dost─Öpu. S┼éowo kluczowe new nie jest wymagane. [C:\Projects\betasharp\BetaSharp\BetaSharp.csproj]
C:\Projects\betasharp\BetaSharp\Network\Packets\C2SPlay\UpdateSelectedSlotC2SPacket.cs(7,48): warning CS0109: Sk┼éadowa ÔÇ×UpdateSelectedSlotC2SPacket.ClassÔÇŁ nie ukrywa sk┼éadowej z mo┼╝liwo┼Ťci─ů dost─Öpu. S┼éowo kluczowe new nie jest wymagane. [C:\Projects\betasharp\BetaSharp\BetaSharp.csproj]
C:\Projects\betasharp\BetaSharp\Network\Packets\HandshakePacket.cs(7,48): warning CS0109: Sk┼éadowa ÔÇ×HandshakePacket.ClassÔÇŁ nie ukrywa sk┼éadowej z mo┼╝liwo┼Ťci─ů dost─Öpu. S┼éowo kluczowe new nie jest wymagane. [C:\Projects\betasharp\BetaSharp\BetaSharp.csproj]
C:\Projects\betasharp\BetaSharp\Network\Packets\LoginHelloPacket.cs(7,48): warning CS0109: Sk┼éadowa ÔÇ×LoginHelloPacket.ClassÔÇŁ nie ukrywa sk┼éadowej z mo┼╝liwo┼Ťci─ů dost─Öpu. S┼éowo kluczowe new nie jest wymagane. [C:\Projects\betasharp\BetaSharp\BetaSharp.csproj]
C:\Projects\betasharp\BetaSharp\Network\Packets\Play\ChatMessagePacket.cs(7,48): warning CS0109: Sk┼éadowa ÔÇ×ChatMessagePacket.ClassÔÇŁ nie ukrywa sk┼éadowej z mo┼╝liwo┼Ťci─ů dost─Öpu. S┼éowo kluczowe new nie jest wymagane. [C:\Projects\betasharp\BetaSharp\BetaSharp.csproj]
C:\Projects\betasharp\BetaSharp\Network\Packets\Play\DisconnectPacket.cs(7,48): warning CS0109: Sk┼éadowa ÔÇ×DisconnectPacket.ClassÔÇŁ nie ukrywa sk┼éadowej z mo┼╝liwo┼Ťci─ů dost─Öpu. S┼éowo kluczowe new nie jest wymagane. [C:\Projects\betasharp\BetaSharp\BetaSharp.csproj]
C:\Projects\betasharp\BetaSharp\Network\Packets\Play\EntityAnimationPacket.cs(8,48): warning CS0109: Sk┼éadowa ÔÇ×EntityAnimationPacket.ClassÔÇŁ nie ukrywa sk┼éadowej z mo┼╝liwo┼Ťci─ů dost─Öpu. S┼éowo kluczowe new nie jest wymagane. [C:\Projects\betasharp\BetaSharp\BetaSharp.csproj]
C:\Projects\betasharp\BetaSharp\Network\Packets\Play\KeepAlivePacket.cs(7,48): warning CS0109: Sk┼éadowa ÔÇ×KeepAlivePacket.ClassÔÇŁ nie ukrywa sk┼éadowej z mo┼╝liwo┼Ťci─ů dost─Öpu. S┼éowo kluczowe new nie jest wymagane. [C:\Projects\betasharp\BetaSharp\BetaSharp.csproj]
C:\Projects\betasharp\BetaSharp\Network\Packets\Play\PlayerMovePacket.cs(7,48): warning CS0109: Sk┼éadowa ÔÇ×PlayerMovePacket.ClassÔÇŁ nie ukrywa sk┼éadowej z mo┼╝liwo┼Ťci─ů dost─Öpu. S┼éowo kluczowe new nie jest wymagane. [C:\Projects\betasharp\BetaSharp\BetaSharp.csproj]
C:\Projects\betasharp\BetaSharp\Network\Packets\Play\PlayerRespawnPacket.cs(7,48): warning CS0109: Sk┼éadowa ÔÇ×PlayerRespawnPacket.ClassÔÇŁ nie ukrywa sk┼éadowej z mo┼╝liwo┼Ťci─ů dost─Öpu. S┼éowo kluczowe new nie jest wymagane. [C:\Projects\betasharp\BetaSharp\BetaSharp.csproj]
C:\Projects\betasharp\BetaSharp\Network\Packets\Play\ScreenHandlerAcknowledgementPacket.cs(7,48): warning CS0109: Sk┼éadowa ÔÇ×ScreenHandlerAcknowledgementPacket.ClassÔÇŁ nie ukrywa sk┼éadowej z mo┼╝liwo┼Ťci─ů dost─Öpu. S┼éowo kluczowe new nie jest wymagane. [C:\Projects\betasharp\BetaSharp\BetaSharp.csproj]
C:\Projects\betasharp\BetaSharp\Network\Packets\Play\UpdateSignPacket.cs(7,48): warning CS0109: Sk┼éadowa ÔÇ×UpdateSignPacket.ClassÔÇŁ nie ukrywa sk┼éadowej z mo┼╝liwo┼Ťci─ů dost─Öpu. S┼éowo kluczowe new nie jest wymagane. [C:\Projects\betasharp\BetaSharp\BetaSharp.csproj]
C:\Projects\betasharp\BetaSharp\Network\Packets\S2CPlay\BlockUpdateS2CPacket.cs(8,48): warning CS0109: Sk┼éadowa ÔÇ×BlockUpdateS2CPacket.ClassÔÇŁ nie ukrywa sk┼éadowej z mo┼╝liwo┼Ťci─ů dost─Öpu. S┼éowo kluczowe new nie jest wymagane. [C:\Projects\betasharp\BetaSharp\BetaSharp.csproj]
C:\Projects\betasharp\BetaSharp\Network\Packets\S2CPlay\ChunkDataS2CPacket.cs(9,48): warning CS0109: Sk┼éadowa ÔÇ×ChunkDataS2CPacket.ClassÔÇŁ nie ukrywa sk┼éadowej z mo┼╝liwo┼Ťci─ů dost─Öpu. S┼éowo kluczowe new nie jest wymagane. [C:\Projects\betasharp\BetaSharp\BetaSharp.csproj]
C:\Projects\betasharp\BetaSharp\Network\Packets\S2CPlay\ChunkDeltaUpdateS2CPacket.cs(9,48): warning CS0109: Sk┼éadowa ÔÇ×ChunkDeltaUpdateS2CPacket.ClassÔÇŁ nie ukrywa sk┼éadowej z mo┼╝liwo┼Ťci─ů dost─Öpu. S┼éowo kluczowe new nie jest wymagane. [C:\Projects\betasharp\BetaSharp\BetaSharp.csproj]
C:\Projects\betasharp\BetaSharp\Network\Packets\S2CPlay\ChunkStatusUpdateS2CPacket.cs(7,48): warning CS0109: Sk┼éadowa ÔÇ×ChunkStatusUpdateS2CPacket.ClassÔÇŁ nie ukrywa sk┼éadowej z mo┼╝liwo┼Ťci─ů dost─Öpu. S┼éowo kluczowe new nie jest wymagane. [C:\Projects\betasharp\BetaSharp\BetaSharp.csproj]
C:\Projects\betasharp\BetaSharp\Network\Packets\S2CPlay\CloseScreenS2CPacket.cs(7,48): warning CS0109: Sk┼éadowa ÔÇ×CloseScreenS2CPacket.ClassÔÇŁ nie ukrywa sk┼éadowej z mo┼╝liwo┼Ťci─ů dost─Öpu. S┼éowo kluczowe new nie jest wymagane. [C:\Projects\betasharp\BetaSharp\BetaSharp.csproj]
C:\Projects\betasharp\BetaSharp\Network\Packets\S2CPlay\EntityDestroyS2CPacket.cs(7,48): warning CS0109: Sk┼éadowa ÔÇ×EntityDestroyS2CPacket.ClassÔÇŁ nie ukrywa sk┼éadowej z mo┼╝liwo┼Ťci─ů dost─Öpu. S┼éowo kluczowe new nie jest wymagane. [C:\Projects\betasharp\BetaSharp\BetaSharp.csproj]
C:\Projects\betasharp\BetaSharp\Network\Packets\S2CPlay\EntityEquipmentUpdateS2CPacket.cs(8,48): warning CS0109: Sk┼éadowa ÔÇ×EntityEquipmentUpdateS2CPacket.ClassÔÇŁ nie ukrywa sk┼éadowej z mo┼╝liwo┼Ťci─ů dost─Öpu. S┼éowo kluczowe new nie jest wymagane. [C:\Projects\betasharp\BetaSharp\BetaSharp.csproj]
C:\Projects\betasharp\BetaSharp\Network\Packets\S2CPlay\EntityPositionS2CPacket.cs(9,48): warning CS0109: Sk┼éadowa ÔÇ×EntityPositionS2CPacket.ClassÔÇŁ nie ukrywa sk┼éadowej z mo┼╝liwo┼Ťci─ů dost─Öpu. S┼éowo kluczowe new nie jest wymagane. [C:\Projects\betasharp\BetaSharp\BetaSharp.csproj]
C:\Projects\betasharp\BetaSharp\Network\Packets\S2CPlay\EntityS2CPacket.cs(7,48): warning CS0109: Sk┼éadowa ÔÇ×EntityS2CPacket.ClassÔÇŁ nie ukrywa sk┼éadowej z mo┼╝liwo┼Ťci─ů dost─Öpu. S┼éowo kluczowe new nie jest wymagane. [C:\Projects\betasharp\BetaSharp\BetaSharp.csproj]
C:\Projects\betasharp\BetaSharp\Network\Packets\S2CPlay\EntitySpawnS2CPacket.cs(9,48): warning CS0109: Sk┼éadowa ÔÇ×EntitySpawnS2CPacket.ClassÔÇŁ nie ukrywa sk┼éadowej z mo┼╝liwo┼Ťci─ů dost─Öpu. S┼éowo kluczowe new nie jest wymagane. [C:\Projects\betasharp\BetaSharp\BetaSharp.csproj]
C:\Projects\betasharp\BetaSharp\Network\Packets\S2CPlay\EntityStatusS2CPacket.cs(7,48): warning CS0109: Sk┼éadowa ÔÇ×EntityStatusS2CPacket.ClassÔÇŁ nie ukrywa sk┼éadowej z mo┼╝liwo┼Ťci─ů dost─Öpu. S┼éowo kluczowe new nie jest wymagane. [C:\Projects\betasharp\BetaSharp\BetaSharp.csproj]
C:\Projects\betasharp\BetaSharp\Network\Packets\S2CPlay\EntityTrackerUpdateS2CPacket.cs(8,48): warning CS0109: Sk┼éadowa ÔÇ×EntityTrackerUpdateS2CPacket.ClassÔÇŁ nie ukrywa sk┼éadowej z mo┼╝liwo┼Ťci─ů dost─Öpu. S┼éowo kluczowe new nie jest wymagane. [C:\Projects\betasharp\BetaSharp\BetaSharp.csproj]
C:\Projects\betasharp\BetaSharp\Network\Packets\S2CPlay\EntityVehicleSetS2CPacket.cs(8,48): warning CS0109: Sk┼éadowa ÔÇ×EntityVehicleSetS2CPacket.ClassÔÇŁ nie ukrywa sk┼éadowej z mo┼╝liwo┼Ťci─ů dost─Öpu. S┼éowo kluczowe new nie jest wymagane. [C:\Projects\betasharp\BetaSharp\BetaSharp.csproj]
C:\Projects\betasharp\BetaSharp\Network\Packets\S2CPlay\EntityVelocityUpdateS2CPacket.cs(8,48): warning CS0109: Sk┼éadowa ÔÇ×EntityVelocityUpdateS2CPacket.ClassÔÇŁ nie ukrywa sk┼éadowej z mo┼╝liwo┼Ťci─ů dost─Öpu. S┼éowo kluczowe new nie jest wymagane. [C:\Projects\betasharp\BetaSharp\BetaSharp.csproj]
C:\Projects\betasharp\BetaSharp\Network\Packets\S2CPlay\ExplosionS2CPacket.cs(8,48): warning CS0109: Sk┼éadowa ÔÇ×ExplosionS2CPacket.ClassÔÇŁ nie ukrywa sk┼éadowej z mo┼╝liwo┼Ťci─ů dost─Öpu. S┼éowo kluczowe new nie jest wymagane. [C:\Projects\betasharp\BetaSharp\BetaSharp.csproj]
C:\Projects\betasharp\BetaSharp\Network\Packets\S2CPlay\GameStateChangeS2CPacket.cs(7,48): warning CS0109: Sk┼éadowa ÔÇ×GameStateChangeS2CPacket.ClassÔÇŁ nie ukrywa sk┼éadowej z mo┼╝liwo┼Ťci─ů dost─Öpu. S┼éowo kluczowe new nie jest wymagane. [C:\Projects\betasharp\BetaSharp\BetaSharp.csproj]
C:\Projects\betasharp\BetaSharp\Network\Packets\S2CPlay\GlobalEntitySpawnS2CPacket.cs(9,48): warning CS0109: Sk┼éadowa ÔÇ×GlobalEntitySpawnS2CPacket.ClassÔÇŁ nie ukrywa sk┼éadowej z mo┼╝liwo┼Ťci─ů dost─Öpu. S┼éowo kluczowe new nie jest wymagane. [C:\Projects\betasharp\BetaSharp\BetaSharp.csproj]
C:\Projects\betasharp\BetaSharp\Network\Packets\S2CPlay\HealthUpdateS2CPacket.cs(7,48): warning CS0109: Sk┼éadowa ÔÇ×HealthUpdateS2CPacket.ClassÔÇŁ nie ukrywa sk┼éadowej z mo┼╝liwo┼Ťci─ů dost─Öpu. S┼éowo kluczowe new nie jest wymagane. [C:\Projects\betasharp\BetaSharp\BetaSharp.csproj]
C:\Projects\betasharp\BetaSharp\Network\Packets\S2CPlay\IncreaseStatS2CPacket.cs(7,48): warning CS0109: Sk┼éadowa ÔÇ×IncreaseStatS2CPacket.ClassÔÇŁ nie ukrywa sk┼éadowej z mo┼╝liwo┼Ťci─ů dost─Öpu. S┼éowo kluczowe new nie jest wymagane. [C:\Projects\betasharp\BetaSharp\BetaSharp.csproj]
C:\Projects\betasharp\BetaSharp\Network\Packets\S2CPlay\InventoryS2CPacket.cs(9,48): warning CS0109: Sk┼éadowa ÔÇ×InventoryS2CPacket.ClassÔÇŁ nie ukrywa sk┼éadowej z mo┼╝liwo┼Ťci─ů dost─Öpu. S┼éowo kluczowe new nie jest wymagane. [C:\Projects\betasharp\BetaSharp\BetaSharp.csproj]
C:\Projects\betasharp\BetaSharp\Network\Packets\S2CPlay\ItemEntitySpawnS2CPacket.cs(9,48): warning CS0109: Sk┼éadowa ÔÇ×ItemEntitySpawnS2CPacket.ClassÔÇŁ nie ukrywa sk┼éadowej z mo┼╝liwo┼Ťci─ů dost─Öpu. S┼éowo kluczowe new nie jest wymagane. [C:\Projects\betasharp\BetaSharp\BetaSharp.csproj]
C:\Projects\betasharp\BetaSharp\Network\Packets\S2CPlay\ItemPickupAnimationS2CPacket.cs(7,48): warning CS0109: Sk┼éadowa ÔÇ×ItemPickupAnimationS2CPacket.ClassÔÇŁ nie ukrywa sk┼éadowej z mo┼╝liwo┼Ťci─ů dost─Öpu. S┼éowo kluczowe new nie jest wymagane. [C:\Projects\betasharp\BetaSharp\BetaSharp.csproj]
C:\Projects\betasharp\BetaSharp\Network\Packets\S2CPlay\LivingEntitySpawnS2CPacket.cs(10,48): warning CS0109: Sk┼éadowa ÔÇ×LivingEntitySpawnS2CPacket.ClassÔÇŁ nie ukrywa sk┼éadowej z mo┼╝liwo┼Ťci─ů dost─Öpu. S┼éowo kluczowe new nie jest wymagane. [C:\Projects\betasharp\BetaSharp\BetaSharp.csproj]
C:\Projects\betasharp\BetaSharp\Network\Packets\S2CPlay\MapUpdateS2CPacket.cs(7,48): warning CS0109: Sk┼éadowa ÔÇ×MapUpdateS2CPacket.ClassÔÇŁ nie ukrywa sk┼éadowej z mo┼╝liwo┼Ťci─ů dost─Öpu. S┼éowo kluczowe new nie jest wymagane. [C:\Projects\betasharp\BetaSharp\BetaSharp.csproj]
C:\Projects\betasharp\BetaSharp\Network\Packets\S2CPlay\OpenScreenS2CPacket.cs(7,48): warning CS0109: Sk┼éadowa ÔÇ×OpenScreenS2CPacket.ClassÔÇŁ nie ukrywa sk┼éadowej z mo┼╝liwo┼Ťci─ů dost─Öpu. S┼éowo kluczowe new nie jest wymagane. [C:\Projects\betasharp\BetaSharp\BetaSharp.csproj]
C:\Projects\betasharp\BetaSharp\Network\Packets\S2CPlay\PaintingEntitySpawnS2CPacket.cs(8,48): warning CS0109: Sk┼éadowa ÔÇ×PaintingEntitySpawnS2CPacket.ClassÔÇŁ nie ukrywa sk┼éadowej z mo┼╝liwo┼Ťci─ů dost─Öpu. S┼éowo kluczowe new nie jest wymagane. [C:\Projects\betasharp\BetaSharp\BetaSharp.csproj]
C:\Projects\betasharp\BetaSharp\Network\Packets\S2CPlay\PlayerSleepUpdateS2CPacket.cs(8,48): warning CS0109: Sk┼éadowa ÔÇ×PlayerSleepUpdateS2CPacket.ClassÔÇŁ nie ukrywa sk┼éadowej z mo┼╝liwo┼Ťci─ů dost─Öpu. S┼éowo kluczowe new nie jest wymagane. [C:\Projects\betasharp\BetaSharp\BetaSharp.csproj]
C:\Projects\betasharp\BetaSharp\Network\Packets\S2CPlay\PlayerSpawnPositionS2CPacket.cs(7,48): warning CS0109: Sk┼éadowa ÔÇ×PlayerSpawnPositionS2CPacket.ClassÔÇŁ nie ukrywa sk┼éadowej z mo┼╝liwo┼Ťci─ů dost─Öpu. S┼éowo kluczowe new nie jest wymagane. [C:\Projects\betasharp\BetaSharp\BetaSharp.csproj]
C:\Projects\betasharp\BetaSharp\Network\Packets\S2CPlay\PlayerSpawnS2CPacket.cs(10,48): warning CS0109: Sk┼éadowa ÔÇ×PlayerSpawnS2CPacket.ClassÔÇŁ nie ukrywa sk┼éadowej z mo┼╝liwo┼Ťci─ů dost─Öpu. S┼éowo kluczowe new nie jest wymagane. [C:\Projects\betasharp\BetaSharp\BetaSharp.csproj]
C:\Projects\betasharp\BetaSharp\Network\Packets\S2CPlay\PlayNoteSoundS2CPacket.cs(7,48): warning CS0109: Sk┼éadowa ÔÇ×PlayNoteSoundS2CPacket.ClassÔÇŁ nie ukrywa sk┼éadowej z mo┼╝liwo┼Ťci─ů dost─Öpu. S┼éowo kluczowe new nie jest wymagane. [C:\Projects\betasharp\BetaSharp\BetaSharp.csproj]
C:\Projects\betasharp\BetaSharp\Network\Packets\S2CPlay\ScreenHandlerPropertyUpdateS2CPacket.cs(7,48): warning CS0109: Sk┼éadowa ÔÇ×ScreenHandlerPropertyUpdateS2CPacket.ClassÔÇŁ nie ukrywa sk┼éadowej z mo┼╝liwo┼Ťci─ů dost─Öpu. S┼éowo kluczowe new nie jest wymagane. [C:\Projects\betasharp\BetaSharp\BetaSharp.csproj]
C:\Projects\betasharp\BetaSharp\Network\Packets\S2CPlay\ScreenHandlerSlotUpdateS2CPacket.cs(8,48): warning CS0109: Sk┼éadowa ÔÇ×ScreenHandlerSlotUpdateS2CPacket.ClassÔÇŁ nie ukrywa sk┼éadowej z mo┼╝liwo┼Ťci─ů dost─Öpu. S┼éowo kluczowe new nie jest wymagane. [C:\Projects\betasharp\BetaSharp\BetaSharp.csproj]
C:\Projects\betasharp\BetaSharp\Network\Packets\S2CPlay\WorldEventS2CPacket.cs(7,48): warning CS0109: Sk┼éadowa ÔÇ×WorldEventS2CPacket.ClassÔÇŁ nie ukrywa sk┼éadowej z mo┼╝liwo┼Ťci─ů dost─Öpu. S┼éowo kluczowe new nie jest wymagane. [C:\Projects\betasharp\BetaSharp\BetaSharp.csproj]
C:\Projects\betasharp\BetaSharp\Network\Packets\S2CPlay\WorldTimeUpdateS2CPacket.cs(7,48): warning CS0109: Sk┼éadowa ÔÇ×WorldTimeUpdateS2CPacket.ClassÔÇŁ nie ukrywa sk┼éadowej z mo┼╝liwo┼Ťci─ů dost─Öpu. S┼éowo kluczowe new nie jest wymagane. [C:\Projects\betasharp\BetaSharp\BetaSharp.csproj]
C:\Projects\betasharp\BetaSharp\Entities\EntityMinecart.cs(14,34): warning CS0108: 'Element ÔÇ×EntityMinecart.ClassÔÇŁ ukrywa odziedziczon─ů sk┼éadow─ů ÔÇ×Entity.ClassÔÇŁ. U┼╝yj s┼éowa kluczowego new, je┼Ťli ukrycie jest zamierzone. [C:\Projects\betasharp\BetaSharp\BetaSharp.csproj]
C:\Projects\betasharp\BetaSharp\Blocks\Block.cs(183,34): error CS0102: Typ ÔÇ×BlockÔÇŁ ju┼╝ zawiera definicj─Ö dla ÔÇ×TNTÔÇŁ [C:\Projects\betasharp\BetaSharp\BetaSharp.csproj]
    Ostrze┼╝enia: 55
    Liczba b┼é─Öd├│w: 1

Czas, kt├│ry up┼éyn─ů┼é: 00:00:12.96
